EN n_bit_reg NULL E:/DATA/learn_fpga/FIR_filter/N_bit_Reg.vhd sub00/vhpl00 1622135169
AR fir_filter behavioral E:/DATA/learn_fpga/FIR_filter/FIR_filter.vhd sub00/vhpl03 1622135172
EN fir_filter NULL E:/DATA/learn_fpga/FIR_filter/FIR_filter.vhd sub00/vhpl02 1622135171
AR n_bit_reg behavioral E:/DATA/learn_fpga/FIR_filter/N_bit_Reg.vhd sub00/vhpl01 1622135170
