V3 7
FL E:/DATA/learn_fpga/FIR_filter/FIR_filter.vhd 2021/05/28.00:05:07 P.20131013
EN work/FIR_filter 1622135171 FL E:/DATA/learn_fpga/FIR_filter/FIR_filter.vhd \
      PB ieee/std_logic_1164 1381692176 PB ieee/STD_LOGIC_SIGNED 1381692178
AR work/FIR_filter/Behavioral 1622135172 \
      FL E:/DATA/learn_fpga/FIR_filter/FIR_filter.vhd EN work/FIR_filter 1622135171 \
      CP N_bit_Reg
FL E:/DATA/learn_fpga/FIR_filter/N_bit_Reg.vhd 2021/05/27.23:52:34 P.20131013
EN work/N_bit_Reg 1622135169 FL E:/DATA/learn_fpga/FIR_filter/N_bit_Reg.vhd \
      PB ieee/std_logic_1164 1381692176
AR work/N_bit_Reg/Behavioral 1622135170 \
      FL E:/DATA/learn_fpga/FIR_filter/N_bit_Reg.vhd EN work/N_bit_Reg 1622135169
